
Allocating common symbols
Common symbol       size              file

g_dbg_sid           0x4               /tmp/ccOQAHmI.o
l_mdec              0x1c              /tmp/cc69lsRY.o
g_idle_pid          0x4               /tmp/cckFwiAz.o
stack               0x4000            bin/boot.o
g_con_pid           0x4               /tmp/cckFwiAz.o
g_root_pid          0x4               /tmp/cckFwiAz.o
g_con_sid           0x4               /tmp/ccOQAHmI.o
g_world_pid         0x4               /tmp/cckFwiAz.o
g_dbg_pid           0x4               /tmp/cckFwiAz.o
g_world_sid         0x4               /tmp/ccOQAHmI.o
g_vram_sid          0x4               /tmp/ccOQAHmI.o

Memory Configuration

Name             Origin             Length             Attributes
*default*        0x0000000000000000 0xffffffffffffffff

Linker script and memory map

LOAD bin/boot.o
LOAD /tmp/ccEdrMUG.o
LOAD /tmp/ccwBNtKm.o
LOAD /tmp/ccyq3SC2.o
LOAD /tmp/ccu6tlyI.o
LOAD /tmp/ccWMuZwo.o
LOAD /tmp/cceKqFy4.o
LOAD /tmp/ccETwydL.o
LOAD /tmp/ccC2VNWr.o
LOAD /tmp/cc4QI5I8.o
LOAD /tmp/cc8CONzP.o
LOAD /tmp/ccIbTDzw.o
LOAD /tmp/ccQj3FFd.o
LOAD /tmp/ccCYVJQU.o
LOAD /tmp/ccAhiu6B.o
LOAD /tmp/ccERHdpj.o
LOAD /tmp/ccqmzjM0.o
LOAD /tmp/ccOQAHmI.o
LOAD /tmp/ccQFGfgq.o
LOAD /tmp/cc86zAd8.o
LOAD /tmp/cc48rbgQ.o
LOAD /tmp/cc6Nyumy.o
LOAD /tmp/ccOY4Rzg.o
LOAD /tmp/cc69lsRY.o
LOAD /tmp/ccOmb6cH.o
LOAD /tmp/ccqAokDp.o
LOAD /tmp/ccApyNa8.o
LOAD /tmp/ccAfZkOQ.o
LOAD /tmp/cckFwiAz.o
LOAD /tmp/cc2v2Uri.o
                0x0000000000100000                . = 0x100000

.note.gnu.build-id
                0x0000000000100000       0x24
 .note.gnu.build-id
                0x0000000000100000       0x24 bin/boot.o

.text           0x0000000000100030     0x776e
 bin/boot.o(.text)
 .text          0x0000000000100030       0x2f bin/boot.o
                0x0000000000100030                _start
                0x0000000000100030                start
 *(.text)
 .text          0x000000000010005f      0x144 /tmp/ccEdrMUG.o
                0x000000000010005f                asm_int00_handler
                0x000000000010007a                asm_int05_handler
                0x0000000000100095                asm_int06_handler
                0x00000000001000b0                asm_int07_handler
                0x00000000001000cb                asm_int0A_handler
                0x00000000001000e6                asm_int0B_handler
                0x0000000000100101                asm_int0C_handler
                0x000000000010011c                asm_int0D_handler
                0x0000000000100137                asm_int0E_handler
                0x0000000000100152                asm_int20_handler
                0x000000000010016d                asm_int21_handler
                0x0000000000100188                asm_int2C_handler
 .text          0x00000000001001a3       0x15 /tmp/ccwBNtKm.o
                0x00000000001001a3                asm_api
 .text          0x00000000001001b8       0x16 /tmp/ccyq3SC2.o
 *fill*         0x00000000001001ce        0x2 
 .text          0x00000000001001d0       0x48 /tmp/ccu6tlyI.o
                0x00000000001001d0                memcpy
 *fill*         0x0000000000100218        0x8 
 .text          0x0000000000100220       0x8d /tmp/ccWMuZwo.o
                0x0000000000100220                memmove
 .text          0x00000000001002ad       0x47 /tmp/cceKqFy4.o
                0x00000000001002ad                memset
 .text          0x00000000001002f4      0x3b4 /tmp/ccETwydL.o
                0x00000000001002f4                set_vga_reg
                0x0000000000100330                init_vga
                0x00000000001003b0                OnSenMain
 .text          0x00000000001006a8      0x158 /tmp/ccC2VNWr.o
                0x00000000001006a8                onsen_api
 .text          0x0000000000100800        0x0 /tmp/cc4QI5I8.o
 .text          0x0000000000100800      0x277 /tmp/cc8CONzP.o
                0x0000000000100800                load_bmp
 .text          0x0000000000100a77      0xfcb /tmp/ccIbTDzw.o
                0x0000000000100a77                console_main
 .text          0x0000000000101a42      0x63c /tmp/ccQj3FFd.o
                0x0000000000101a42                debug_main
                0x0000000000101aa2                dbg_newline
                0x0000000000101b3a                dbg_char
                0x0000000000101c11                dbg_str
                0x0000000000101c4c                dbg_strln
                0x0000000000101c64                dbg_int
                0x0000000000101c89                dbg_intln
                0x0000000000101ca1                dbg_intx
                0x0000000000101cce                dbg_intxln
                0x0000000000101ce6                dbg_reg
                0x0000000000101dad                dbg_seg
                0x0000000000101e2e                dbg_seg_reg
                0x0000000000101e82                dbg_fault
 .text          0x000000000010207e      0x314 /tmp/ccCYVJQU.o
                0x000000000010207e                elf_load
 .text          0x0000000000102392      0x2cd /tmp/ccAhiu6B.o
                0x0000000000102392                fat12_init
                0x00000000001023a6                fat12_get_file_info
                0x00000000001023b0                fat12_load_file
                0x0000000000102457                fat12_search_file
 .text          0x000000000010265f        0x0 /tmp/ccERHdpj.o
 .text          0x000000000010265f      0x240 /tmp/ccqmzjM0.o
                0x000000000010266a                gdt_init
                0x00000000001027a0                set_code_seg
                0x00000000001027d8                set_data_seg
                0x0000000000102810                set_seg_desc
 .text          0x000000000010289f     0x1a4c /tmp/ccOQAHmI.o
                0x000000000010289f                graphic_init
                0x00000000001029f1                surface_new
                0x0000000000102a73                surface_new_from_buf
                0x0000000000102adb                surface_free
                0x0000000000102bb5                surface_task_free
                0x0000000000102c35                get_screen
                0x0000000000102cea                set_sprite_pos
                0x0000000000102d6b                move_sprite
                0x0000000000102dfc                update_screen
                0x0000000000102e2f                update_rect
                0x0000000000102f6e                draw_sprite
                0x0000000000103000                blit_surface
                0x00000000001031eb                fill_surface
                0x0000000000103263                fill_rect
                0x00000000001033ae                draw_text
                0x0000000000103430                draw_text_bg
                0x00000000001034c1                draw_pixel
                0x000000000010353a                scroll_surface
                0x0000000000103649                set_colorkey
                0x00000000001036b7                clear_colorkey
                0x0000000000103702                set_alpha
                0x0000000000103778                clear_alpha
                0x00000000001037c3                set_mouse_pos
                0x0000000000103891                get_screen_pid
                0x000000000010389e                switch_screen
                0x00000000001038d3                switch_debug_screen
                0x000000000010392c                graphic_dbg
 .text          0x00000000001042eb        0x0 /tmp/ccQFGfgq.o
 .text          0x00000000001042eb      0x382 /tmp/cc86zAd8.o
                0x00000000001042f6                idt_init
                0x0000000000104603                set_gate_desc
 .text          0x000000000010466d      0x326 /tmp/cc48rbgQ.o
                0x000000000010466d                intr_init
                0x000000000010473d                set_pic0_mask
                0x0000000000104761                set_pic1_mask
                0x0000000000104785                notify_intr_end
                0x00000000001047f2                int00_handler
                0x000000000010480d                int05_handler
                0x0000000000104828                int06_handler
                0x0000000000104843                int07_handler
                0x000000000010485e                int0A_handler
                0x0000000000104879                int0B_handler
                0x0000000000104894                int0C_handler
                0x00000000001048af                int0D_handler
                0x00000000001048ca                int0E_handler
 .text          0x0000000000104993       0xe7 /tmp/cc6Nyumy.o
                0x0000000000104993                int21_handler
                0x00000000001049e0                wait_kbc_sendready
                0x0000000000104a0a                keycode2char
 .text          0x0000000000104a7a      0x6e6 /tmp/ccOY4Rzg.o
                0x0000000000104a7a                mem_init
                0x0000000000104b3e                mem_total_free
                0x0000000000104b4e                mem_alloc
                0x0000000000104c6b                mem_free
                0x0000000000104ce3                mem_dbg
                0x0000000000104dbb                mem_total_size_B
 .text          0x0000000000105160      0x2b8 /tmp/cc69lsRY.o
                0x0000000000105160                mouse_init
                0x00000000001051f8                int2C_handler
                0x0000000000105245                mouse_decode
 .text          0x0000000000105418       0x6f /tmp/ccOmb6cH.o
                0x0000000000105418                get_message
                0x000000000010545e                dispatch_message
 .text          0x0000000000105487      0x206 /tmp/ccqAokDp.o
                0x0000000000105487                msg_q_init
                0x00000000001054e9                msg_q_put
                0x0000000000105590                msg_q_get
                0x0000000000105631                msg_q_size
 .text          0x000000000010568d      0xb0e /tmp/ccApyNa8.o
                0x000000000010568d                paging_init
                0x00000000001056bb                get_os_pd
                0x00000000001056c5                paging_dbg
                0x000000000010587f                page_mem_init
                0x00000000001058a2                total_free_page
                0x00000000001058b2                alloc_os_page_vaddr
                0x00000000001058bc                alloc_user_page_vaddr
                0x00000000001058c6                page_alloc
                0x00000000001058e6                page_free
                0x000000000010591a                page_set_free
                0x0000000000105bf9                get_mem_mng
                0x0000000000105c03                page_mem_dbg
 .text          0x000000000010619b      0x4f7 /tmp/ccAfZkOQ.o
                0x000000000010619b                s_len
                0x00000000001061c7                s_cpy
                0x00000000001061eb                s_cat
                0x0000000000106224                s_reverse
                0x0000000000106289                s_cmp
                0x00000000001062cf                s_ncmp
                0x000000000010633a                s_itox
                0x00000000001063af                s_itoa
                0x000000000010645d                s_atoi
                0x0000000000106515                s_size
                0x00000000001065c0                s_dbg_int
                0x00000000001065fe                s_dbg_intx
                0x0000000000106644                s_dbg_shortx
 .text          0x0000000000106692      0xbdd /tmp/cckFwiAz.o
                0x0000000000106692                task_init
                0x000000000010680d                task_run_app
                0x000000000010693f                task_new
                0x0000000000106a10                task_free
                0x0000000000106b77                task_run
                0x0000000000106bf4                task_switch
                0x0000000000106ca3                task_sleep
                0x0000000000106e6a                task_wakeup
                0x0000000000106ec9                get_pid
                0x0000000000106eeb                task_get_name
                0x0000000000106f41                task_dbg
 .text          0x000000000010726f      0x52f /tmp/cc2v2Uri.o
                0x000000000010726f                timer_init
                0x00000000001073ac                timer_new
                0x0000000000107422                timer_ts_tid
                0x000000000010742c                timer_free
                0x0000000000107482                timer_task_free
                0x00000000001074fd                timer_start
                0x00000000001075f9                timer_stop
                0x00000000001076d5                timer_get_count_10ms
                0x00000000001076df                int20_handler

.iplt           0x00000000001077a0        0x0
 .iplt          0x0000000000000000        0x0 bin/boot.o

.eh_frame_hdr   0x00000000001077a0      0x604
 .eh_frame_hdr  0x00000000001077a0      0x604 /tmp/ccETwydL.o

.data           0x0000000000107dc0    0x27e74
 *(.data)
 .data          0x0000000000107dc0        0x0 bin/boot.o
 .data          0x0000000000107dc0        0x0 /tmp/ccEdrMUG.o
 .data          0x0000000000107dc0        0x0 /tmp/ccwBNtKm.o
 .data          0x0000000000107dc0        0x0 /tmp/ccyq3SC2.o
 .data          0x0000000000107dc0        0x0 /tmp/ccu6tlyI.o
 .data          0x0000000000107dc0        0x0 /tmp/ccWMuZwo.o
 .data          0x0000000000107dc0        0x0 /tmp/cceKqFy4.o
 .data          0x0000000000107dc0        0x0 /tmp/ccETwydL.o
 .data          0x0000000000107dc0        0x0 /tmp/ccC2VNWr.o
 .data          0x0000000000107dc0        0x0 /tmp/cc4QI5I8.o
 .data          0x0000000000107dc0        0x0 /tmp/cc8CONzP.o
 .data          0x0000000000107dc0        0x0 /tmp/ccIbTDzw.o
 .data          0x0000000000107dc0        0x2 /tmp/ccQj3FFd.o
                0x0000000000107dc0                fg
 .data          0x0000000000107dc2        0x0 /tmp/ccCYVJQU.o
 .data          0x0000000000107dc2        0x0 /tmp/ccAhiu6B.o
 .data          0x0000000000107dc2        0x0 /tmp/ccERHdpj.o
 *fill*         0x0000000000107dc2        0x2 
 .data          0x0000000000107dc4        0x4 /tmp/ccqmzjM0.o
 *fill*         0x0000000000107dc8       0x18 
 .data          0x0000000000107de0      0x140 /tmp/ccOQAHmI.o
 .data          0x0000000000107f20     0x1000 /tmp/ccQFGfgq.o
                0x0000000000107f20                hankaku
 .data          0x0000000000108f20        0x4 /tmp/cc86zAd8.o
 .data          0x0000000000108f24        0x0 /tmp/cc48rbgQ.o
 *fill*         0x0000000000108f24       0x1c 
 .data          0x0000000000108f40      0x100 /tmp/cc6Nyumy.o
 .data          0x0000000000109040        0x0 /tmp/ccOY4Rzg.o
 .data          0x0000000000109040        0x0 /tmp/cc69lsRY.o
 .data          0x0000000000109040        0x0 /tmp/ccOmb6cH.o
 .data          0x0000000000109040        0x0 /tmp/ccqAokDp.o
 .data          0x0000000000109040        0x4 /tmp/ccApyNa8.o
                0x0000000000109040                l_mng
 .data          0x0000000000109044        0x0 /tmp/ccAfZkOQ.o
 .data          0x0000000000109044        0x0 /tmp/cckFwiAz.o
 .data          0x0000000000109044        0x0 /tmp/cc2v2Uri.o
 *(.rodata*)
 .rodata        0x0000000000109044       0xe8 /tmp/ccIbTDzw.o
 .rodata        0x000000000010912c       0xd9 /tmp/ccQj3FFd.o
 .rodata        0x0000000000109205       0x60 /tmp/ccCYVJQU.o
 *fill*         0x0000000000109265        0x3 
 .rodata        0x0000000000109268       0xa7 /tmp/ccOQAHmI.o
                0x0000000000109268                g_w
                0x000000000010926c                g_h
                0x0000000000109270                g_d
 *fill*         0x000000000010930f        0x1 
 .rodata        0x0000000000109310      0x12e /tmp/cc48rbgQ.o
 .rodata        0x000000000010943e       0x51 /tmp/ccOY4Rzg.o
 .rodata        0x000000000010948f       0xaf /tmp/ccApyNa8.o
 .rodata        0x000000000010953e        0xf /tmp/ccAfZkOQ.o
 .rodata        0x000000000010954d       0x8d /tmp/cckFwiAz.o
 *(.bss)
 .bss           0x00000000001095da        0x0 bin/boot.o
 .bss           0x00000000001095da        0x0 /tmp/ccEdrMUG.o
 .bss           0x00000000001095da        0x0 /tmp/ccwBNtKm.o
 .bss           0x00000000001095da        0x0 /tmp/ccyq3SC2.o
 .bss           0x00000000001095da        0x0 /tmp/ccu6tlyI.o
 .bss           0x00000000001095da        0x0 /tmp/ccWMuZwo.o
 .bss           0x00000000001095da        0x0 /tmp/cceKqFy4.o
 *fill*         0x00000000001095da        0x2 
 .bss           0x00000000001095dc        0x6 /tmp/ccETwydL.o
 .bss           0x00000000001095e2        0x0 /tmp/ccC2VNWr.o
 .bss           0x00000000001095e2        0x0 /tmp/cc4QI5I8.o
 .bss           0x00000000001095e2        0x0 /tmp/cc8CONzP.o
 *fill*         0x00000000001095e2       0x1e 
 .bss           0x0000000000109600      0x42c /tmp/ccIbTDzw.o
 .bss           0x0000000000109a2c        0xc /tmp/ccQj3FFd.o
                0x0000000000109a2c                bg
 .bss           0x0000000000109a38        0x0 /tmp/ccCYVJQU.o
 *fill*         0x0000000000109a38        0x8 
 .bss           0x0000000000109a40     0xb400 /tmp/ccAhiu6B.o
 .bss           0x0000000000114e40        0x0 /tmp/ccERHdpj.o
 .bss           0x0000000000114e40        0x0 /tmp/ccqmzjM0.o
 .bss           0x0000000000114e40     0xb00c /tmp/ccOQAHmI.o
 .bss           0x000000000011fe4c        0x0 /tmp/ccQFGfgq.o
 .bss           0x000000000011fe4c        0x0 /tmp/cc86zAd8.o
 .bss           0x000000000011fe4c        0x0 /tmp/cc48rbgQ.o
 .bss           0x000000000011fe4c        0x0 /tmp/cc6Nyumy.o
 .bss           0x000000000011fe4c       0x10 /tmp/ccOY4Rzg.o
 .bss           0x000000000011fe5c        0x0 /tmp/cc69lsRY.o
 .bss           0x000000000011fe5c        0x0 /tmp/ccOmb6cH.o
 *fill*         0x000000000011fe5c        0x4 
 .bss           0x000000000011fe60     0xc280 /tmp/ccqAokDp.o
 .bss           0x000000000012c0e0        0x4 /tmp/ccApyNa8.o
 .bss           0x000000000012c0e4        0x0 /tmp/ccAfZkOQ.o
 *fill*         0x000000000012c0e4       0x1c 
 .bss           0x000000000012c100     0x1308 /tmp/cckFwiAz.o
 *fill*         0x000000000012d408       0x18 
 .bss           0x000000000012d420     0x2814 /tmp/cc2v2Uri.o

.igot.plt       0x000000000012fc34        0x0
 .igot.plt      0x0000000000000000        0x0 bin/boot.o

.eh_frame       0x000000000012fc34     0x184c
 *(.eh_frame)
 .eh_frame      0x000000000012fc34       0xf8 /tmp/ccETwydL.o
 .eh_frame      0x000000000012fd2c       0x3c /tmp/ccC2VNWr.o
                                         0x54 (size before relaxing)
 .eh_frame      0x000000000012fd68       0x64 /tmp/cc8CONzP.o
                                         0x7c (size before relaxing)
 .eh_frame      0x000000000012fdcc      0x2b0 /tmp/ccIbTDzw.o
                                        0x2c8 (size before relaxing)
 .eh_frame      0x000000000013007c      0x1ec /tmp/ccQj3FFd.o
                                        0x204 (size before relaxing)
 .eh_frame      0x0000000000130268       0x40 /tmp/ccCYVJQU.o
                                         0x58 (size before relaxing)
 .eh_frame      0x00000000001302a8       0xa4 /tmp/ccAhiu6B.o
                                         0xbc (size before relaxing)
 .eh_frame      0x000000000013034c       0xa0 /tmp/ccqmzjM0.o
                                         0xb8 (size before relaxing)
 .eh_frame      0x00000000001303ec      0x49c /tmp/ccOQAHmI.o
                                        0x4b4 (size before relaxing)
 .eh_frame      0x0000000000130888       0x60 /tmp/cc86zAd8.o
                                         0x78 (size before relaxing)
 .eh_frame      0x00000000001308e8      0x1bc /tmp/cc48rbgQ.o
                                        0x1d4 (size before relaxing)
 .eh_frame      0x0000000000130aa4       0x60 /tmp/cc6Nyumy.o
                                         0x78 (size before relaxing)
 .eh_frame      0x0000000000130b04      0x180 /tmp/ccOY4Rzg.o
                                        0x198 (size before relaxing)
 .eh_frame      0x0000000000130c84       0x60 /tmp/cc69lsRY.o
                                         0x78 (size before relaxing)
 .eh_frame      0x0000000000130ce4       0x40 /tmp/ccOmb6cH.o
                                         0x58 (size before relaxing)
 .eh_frame      0x0000000000130d24       0xa8 /tmp/ccqAokDp.o
                                         0xc0 (size before relaxing)
 .eh_frame      0x0000000000130dcc      0x1cc /tmp/ccApyNa8.o
                                        0x1e4 (size before relaxing)
 .eh_frame      0x0000000000130f98      0x1a4 /tmp/ccAfZkOQ.o
                                        0x1bc (size before relaxing)
 .eh_frame      0x000000000013113c      0x224 /tmp/cckFwiAz.o
                                        0x23c (size before relaxing)
 .eh_frame      0x0000000000131360      0x120 /tmp/cc2v2Uri.o
                                        0x138 (size before relaxing)
OUTPUT(bin/onsen.sys elf32-i386)

.rel.dyn        0x0000000000131480        0x0
 .rel.iplt      0x0000000000000000        0x0 bin/boot.o
 .rel.text      0x0000000000000000        0x0 bin/boot.o

.bss            0x0000000000131480     0x4040
 COMMON         0x0000000000131480     0x4000 bin/boot.o
                0x0000000000131480                stack
 COMMON         0x0000000000135480       0x10 /tmp/ccOQAHmI.o
                0x0000000000135480                g_dbg_sid
                0x0000000000135484                g_con_sid
                0x0000000000135488                g_world_sid
                0x000000000013548c                g_vram_sid
 COMMON         0x0000000000135490       0x1c /tmp/cc69lsRY.o
                0x0000000000135490                l_mdec
 COMMON         0x00000000001354ac       0x14 /tmp/cckFwiAz.o
                0x00000000001354ac                g_idle_pid
                0x00000000001354b0                g_con_pid
                0x00000000001354b4                g_root_pid
                0x00000000001354b8                g_world_pid
                0x00000000001354bc                g_dbg_pid

.comment        0x0000000000000000       0x2b
 .comment       0x0000000000000000       0x2b /tmp/ccETwydL.o
                                         0x2c (size before relaxing)
 .comment       0x0000000000000000       0x2c /tmp/ccC2VNWr.o
 .comment       0x0000000000000000       0x2c /tmp/cc4QI5I8.o
 .comment       0x0000000000000000       0x2c /tmp/cc8CONzP.o
 .comment       0x0000000000000000       0x2c /tmp/ccIbTDzw.o
 .comment       0x0000000000000000       0x2c /tmp/ccQj3FFd.o
 .comment       0x0000000000000000       0x2c /tmp/ccCYVJQU.o
 .comment       0x0000000000000000       0x2c /tmp/ccAhiu6B.o
 .comment       0x0000000000000000       0x2c /tmp/ccERHdpj.o
 .comment       0x0000000000000000       0x2c /tmp/ccqmzjM0.o
 .comment       0x0000000000000000       0x2c /tmp/ccOQAHmI.o
 .comment       0x0000000000000000       0x2c /tmp/ccQFGfgq.o
 .comment       0x0000000000000000       0x2c /tmp/cc86zAd8.o
 .comment       0x0000000000000000       0x2c /tmp/cc48rbgQ.o
 .comment       0x0000000000000000       0x2c /tmp/cc6Nyumy.o
 .comment       0x0000000000000000       0x2c /tmp/ccOY4Rzg.o
 .comment       0x0000000000000000       0x2c /tmp/cc69lsRY.o
 .comment       0x0000000000000000       0x2c /tmp/ccOmb6cH.o
 .comment       0x0000000000000000       0x2c /tmp/ccqAokDp.o
 .comment       0x0000000000000000       0x2c /tmp/ccApyNa8.o
 .comment       0x0000000000000000       0x2c /tmp/ccAfZkOQ.o
 .comment       0x0000000000000000       0x2c /tmp/cckFwiAz.o
 .comment       0x0000000000000000       0x2c /tmp/cc2v2Uri.o

.note.GNU-stack
                0x0000000000000000        0x0
 .note.GNU-stack
                0x0000000000000000        0x0 /tmp/ccETwydL.o
 .note.GNU-stack
                0x0000000000000000        0x0 /tmp/ccC2VNWr.o
 .note.GNU-stack
                0x0000000000000000        0x0 /tmp/cc4QI5I8.o
 .note.GNU-stack
                0x0000000000000000        0x0 /tmp/cc8CONzP.o
 .note.GNU-stack
                0x0000000000000000        0x0 /tmp/ccIbTDzw.o
 .note.GNU-stack
                0x0000000000000000        0x0 /tmp/ccQj3FFd.o
 .note.GNU-stack
                0x0000000000000000        0x0 /tmp/ccCYVJQU.o
 .note.GNU-stack
                0x0000000000000000        0x0 /tmp/ccAhiu6B.o
 .note.GNU-stack
                0x0000000000000000        0x0 /tmp/ccERHdpj.o
 .note.GNU-stack
                0x0000000000000000        0x0 /tmp/ccqmzjM0.o
 .note.GNU-stack
                0x0000000000000000        0x0 /tmp/ccOQAHmI.o
 .note.GNU-stack
                0x0000000000000000        0x0 /tmp/ccQFGfgq.o
 .note.GNU-stack
                0x0000000000000000        0x0 /tmp/cc86zAd8.o
 .note.GNU-stack
                0x0000000000000000        0x0 /tmp/cc48rbgQ.o
 .note.GNU-stack
                0x0000000000000000        0x0 /tmp/cc6Nyumy.o
 .note.GNU-stack
                0x0000000000000000        0x0 /tmp/ccOY4Rzg.o
 .note.GNU-stack
                0x0000000000000000        0x0 /tmp/cc69lsRY.o
 .note.GNU-stack
                0x0000000000000000        0x0 /tmp/ccOmb6cH.o
 .note.GNU-stack
                0x0000000000000000        0x0 /tmp/ccqAokDp.o
 .note.GNU-stack
                0x0000000000000000        0x0 /tmp/ccApyNa8.o
 .note.GNU-stack
                0x0000000000000000        0x0 /tmp/ccAfZkOQ.o
 .note.GNU-stack
                0x0000000000000000        0x0 /tmp/cckFwiAz.o
 .note.GNU-stack
                0x0000000000000000        0x0 /tmp/cc2v2Uri.o
